// Jest Snapshot v1, https://goo.gl/fbAQLP

exports[`readFile 1`] = `
"{
  "name": "file-system",
  "version": "0.0.1",
  "description": "fs, but in the future ðŸ”®",
  "main": "file-system.js",
  "type": "module",
  "repository": "brekk/monoculture",
  "author": "brekk",
  "license": "ISC",
  "private": true,
  "exports": "./file-system.js",
  "dependencies": {
    "find-up": "7.0.0",
    "fluture": "14.0.0",
    "ramda": "0.29.1"
  },
  "devDependencies": {
    "@testing-library/jest-dom": "6.1.5",
    "dotenv-cli": "7.3.0",
    "eslint-config-monoculture": "workspace:shared/eslint-config-monoculture",
    "jest": "29.7.0",
    "jest-config": "workspace:shared/jest-config"
  },
  "scripts": {
    "nps": "dotenv -- nps -c ./package-scripts.cjs",
    "clean": "dotenv -- nps -c ./package-scripts.cjs clean",
    "lint": "dotenv -- nps -c ./package-scripts.cjs lint",
    "meta": "dotenv -- nps -c ./package-scripts.cjs meta",
    "meta:graph": "dotenv -- nps -c ./package-scripts.cjs meta.graph",
    "test": "dotenv -- nps -c ./package-scripts.cjs test",
    "test:ci": "dotenv -- nps -c ./package-scripts.cjs test.ci",
    "test:snapshot": "dotenv -- nps -c ./package-scripts.cjs test.snapshot",
    "test:watch": "dotenv -- nps -c ./package-scripts.cjs test.watch"
  }
}
"
`;
