// Jest Snapshot v1, https://goo.gl/fbAQLP

exports[`readMonoFile 1`] = `"ca0faff22329571b6e2be76b40ed14f8c931bf8f3c4807d1ceea90cce1c5a126"`;
