// Jest Snapshot v1, https://goo.gl/fbAQLP

exports[`hash 1`] = `"5cd99d9df3d8e4c2fcc83cf248314a4836c71d88f8d6e4fdc0d84c4e8c7b029d"`;
