// Jest Snapshot v1, https://goo.gl/fbAQLP

exports[`monoprocessor 1`] = `
{
  "c-words": {
    "5cd99d9df3d8e4c2fcc83cf248314a4836c71d88f8d6e4fdc0d84c4e8c7b029d": {
      "body": [
        [
          0,
          1,
        ],
        [
          1,
          0,
        ],
        [
          2,
          1,
        ],
        [
          3,
          2,
        ],
        [
          4,
          0,
        ],
        [
          5,
          0,
        ],
        [
          6,
          0,
        ],
        [
          7,
          0,
        ],
      ],
      "file": "hash.js",
      "hash": "5cd99d9df3d8e4c2fcc83cf248314a4836c71d88f8d6e4fdc0d84c4e8c7b029d",
    },
    "c87fe2ab04cdef09c054d7e5dd985cfcc97ad420e357226cb3e375c98434b619": {
      "body": [
        [
          0,
          0,
        ],
        [
          1,
          0,
        ],
        [
          2,
          2,
        ],
        [
          3,
          0,
        ],
        [
          4,
          0,
        ],
        [
          5,
          0,
        ],
        [
          6,
          0,
        ],
        [
          7,
          0,
        ],
        [
          8,
          0,
        ],
        [
          9,
          0,
        ],
        [
          10,
          2,
        ],
        [
          11,
          0,
        ],
        [
          12,
          0,
        ],
        [
          13,
          0,
        ],
        [
          14,
          0,
        ],
        [
          15,
          0,
        ],
        [
          16,
          0,
        ],
        [
          17,
          0,
        ],
        [
          18,
          0,
        ],
        [
          19,
          0,
        ],
        [
          20,
          0,
        ],
        [
          21,
          0,
        ],
        [
          22,
          0,
        ],
        [
          23,
          0,
        ],
        [
          24,
          0,
        ],
        [
          25,
          0,
        ],
        [
          26,
          0,
        ],
        [
          27,
          2,
        ],
        [
          28,
          0,
        ],
        [
          29,
          0,
        ],
        [
          30,
          1,
        ],
        [
          31,
          0,
        ],
        [
          32,
          0,
        ],
        [
          33,
          0,
        ],
        [
          34,
          0,
        ],
        [
          35,
          0,
        ],
        [
          36,
          2,
        ],
        [
          37,
          0,
        ],
        [
          38,
          0,
        ],
        [
          39,
          0,
        ],
      ],
      "file": "reader.js",
      "hash": "c87fe2ab04cdef09c054d7e5dd985cfcc97ad420e357226cb3e375c98434b619",
    },
    "f5ca9070a68f19933e3cd35a10e18013655b9b9a9c1b78ec2c7262a98c2fee17": {
      "body": [
        [
          0,
          0,
        ],
        [
          1,
          0,
        ],
        [
          2,
          0,
        ],
      ],
      "file": "index.js",
      "hash": "f5ca9070a68f19933e3cd35a10e18013655b9b9a9c1b78ec2c7262a98c2fee17",
    },
  },
  "wordcount": {
    "5cd99d9df3d8e4c2fcc83cf248314a4836c71d88f8d6e4fdc0d84c4e8c7b029d": 27,
    "c87fe2ab04cdef09c054d7e5dd985cfcc97ad420e357226cb3e375c98434b619": 225,
    "f5ca9070a68f19933e3cd35a10e18013655b9b9a9c1b78ec2c7262a98c2fee17": 9,
  },
}
`;

exports[`readAll 1`] = `
[
  "5cd99d9df3d8e4c2fcc83cf248314a4836c71d88f8d6e4fdc0d84c4e8c7b029d",
  "f5ca9070a68f19933e3cd35a10e18013655b9b9a9c1b78ec2c7262a98c2fee17",
  "c87fe2ab04cdef09c054d7e5dd985cfcc97ad420e357226cb3e375c98434b619",
]
`;
