// Jest Snapshot v1, https://goo.gl/fbAQLP

exports[`default export 1`] = `
{
  "LINK_REGEX": /\\\\\\{@link \\(\\.\\*\\)\\+\\\\\\}/g,
  "MAGIC_COMMENT_END": "*/",
  "MAGIC_COMMENT_START": "/**",
  "MAGIC_IMPORT_KEY": "drgen-import-above",
  "TESTABLE_EXAMPLE": "test=true",
  "WHITESPACE_PRESERVING_TAGS": [
    "example",
    "curried",
  ],
  "addLineNumbers": [Function],
  "capitalToKebab": [Function],
  "checkInterpreter": [Function],
  "cleanupKeywords": [Function],
  "drgen": [Function],
  "findJSDocKeywords": [Function],
  "formatComment": [Function],
  "getExample": [Function],
  "getImportsForTests": [Function],
  "getPageSummary": [Function],
  "groupContiguousBlocks": [Function],
  "hasExample": [Function],
  "isAsterisky": [Function],
  "isJSDocComment": [Function],
  "iterateOverWorkspacesAndReadFiles": [Function],
  "log": {
    "comment": [Function],
    "config": [Function],
    "core": [Function],
    "doc": [Function],
    "error": [Function],
    "file": [Function],
    "interpreter": [Function],
    "parse": [Function],
    "reader": [Function],
    "renderer": [Function],
    "stats": [Function],
    "string": [Function],
    "text": [Function],
    "validate": [Function],
    "verbose": [Function],
  },
  "matchLinks": [Function],
  "monorepoRunner": [Function],
  "nixKeyword": [Function],
  "objectifyAllComments": [Function],
  "objectifyComments": [Function],
  "parse": [Function],
  "parseFile": [Function],
  "processComments": [Function],
  "processCurriedComment": [Function],
  "readAndProcessFiles": [Function],
  "readPackageJsonWorkspaces": [Function],
  "renderComments": [Function],
  "renderFileWith": [Function],
  "safeTrim": [Function],
  "segmentBlock": [Function],
  "stripEmptyCommentLines": [Function],
  "stripLeadingComment": [Function],
  "stripLeadingHyphen": [Function],
  "stripRelative": [Function],
  "structureKeywords": [Function],
  "trimComment": [Function],
  "trimSummary": [Function],
  "uncommentBlock": [Function],
  "validateInterpreter": [Function],
  "wipeComment": [Function],
  "writeArtifact": [Function],
  "writeCommentsToFiles": [Function],
}
`;
