// Jest Snapshot v1, https://goo.gl/fbAQLP

exports[`monorepoRunner 1`] = `
[
  "apps/docs/blem.d.ts",
  "apps/docs/next-env.d.ts",
  "apps/docs/next.config.js",
  "apps/docs/pages/_app.tsx",
  "apps/docs/theme.config.tsx",
  "packages/bloodline/api.js",
  "packages/bloodline/bloodline.js",
  "packages/bloodline/cli.js",
  "packages/bloodline/config.js",
  "packages/bloodline/constants.js",
  "packages/bloodline/cyclic.js",
  "packages/bloodline/executables.js",
  "packages/bloodline/failure.js",
  "packages/bloodline/index.js",
  "packages/bloodline/log.js",
  "packages/bloodline/tree.js",
  "packages/bloodline/visualization.js",
  "packages/climate-json/climate-json.js",
  "packages/climate-toml/climate-toml.js",
  "packages/climate-yaml/climate-yaml.js",
  "packages/climate/builder.js",
  "packages/climate/climate.js",
  "packages/climate/events.js",
  "packages/climate/help.js",
  "packages/climate/log.js",
  "packages/climate/parser.js",
  "packages/clox/clox.js",
  "packages/doctor-general-jest/comment-test.js",
  "packages/doctor-general-jest/index.js",
  "packages/doctor-general-jest/log.js",
  "packages/doctor-general-jest/renderer-jest.js",
  "packages/doctor-general-mdx/comment-documentation.js",
  "packages/doctor-general-mdx/index.js",
  "packages/doctor-general-mdx/log.js",
  "packages/doctor-general-mdx/next-meta-files.js",
  "packages/doctor-general-mdx/renderer-markdown.js",
  "packages/doctor-general/comment.js",
  "packages/doctor-general/constants.js",
  "packages/doctor-general/doctor-general.js",
  "packages/doctor-general/drgen.js",
  "packages/doctor-general/file.js",
  "packages/doctor-general/log.js",
  "packages/doctor-general/parse.js",
  "packages/doctor-general/processor.js",
  "packages/doctor-general/reader.js",
  "packages/doctor-general/text.js",
  "packages/doctor-general/writer.js",
  "packages/file-system/dig-up.js",
  "packages/file-system/file-system.js",
  "packages/file-system/fs.js",
  "packages/file-system/future.js",
  "packages/file-system/interpret.js",
  "packages/file-system/log.js",
  "packages/file-system/path.js",
  "packages/file-system/test-helpers.js",
  "packages/inherent/array.js",
  "packages/inherent/common.js",
  "packages/inherent/groupByIndex.js",
  "packages/inherent/inherent.js",
  "packages/inherent/object.js",
  "packages/inherent/primitives.js",
  "packages/inherent/string.js",
  "packages/kiddo/kiddo.js",
  "packages/knot/constants.js",
  "packages/knot/knot.js",
  "packages/manacle/cli.js",
  "packages/manacle/config.js",
  "packages/manacle/examples/query-has-exports.js",
  "packages/manacle/log.js",
  "packages/monocle/cli.js",
  "packages/monocle/config.js",
  "packages/monocle/examples/plugin-c-words.js",
  "packages/monocle/examples/plugin-get-exports.js",
  "packages/monocle/examples/plugin-get-imported.js",
  "packages/monocle/examples/plugin-get-imports.js",
  "packages/monocle/examples/plugin-has-exports.js",
  "packages/monocle/examples/plugin-has-imports.js",
  "packages/monocle/examples/plugin-wordcount.js",
  "packages/monocle/hash.js",
  "packages/monocle/index.js",
  "packages/monocle/log.js",
  "packages/monocle/reader.js",
  "packages/monorail/helpers.js",
  "packages/monorail/list.js",
  "packages/monorail/log.js",
  "packages/monorail/monorail.js",
  "packages/monorail/runner.js",
  "packages/monorail/sort.js",
  "packages/monorail/validate.js",
  "packages/robot-tourist/cli.js",
  "packages/robot-tourist/config.js",
  "packages/robot-tourist/constants.js",
  "packages/robot-tourist/core.js",
  "packages/robot-tourist/index.js",
  "packages/robot-tourist/log.js",
  "packages/robot-tourist/plugin-robot-tourist.js",
  "packages/robot-tourist/plugin-simplifier.js",
  "packages/robot-tourist/regex.js",
  "packages/robot-tourist/reporter.js",
  "packages/robot-tourist/source-matcher.js",
  "packages/robot-tourist/stats.js",
  "packages/robot-tourist/string.js",
  "packages/robot-tourist/tuple.js",
  "packages/robot-tourist/wordbot.js",
  "packages/water-wheel/water-wheel.js",
  "shared/eslint-config-monoculture/index.js",
  "shared/jest-config/jest.config.js",
  "shared/jest-config/jest.setup.js",
  "shared/monoculture-tsconfig/test.ts",
  "tools/digested/config.js",
  "tools/digested/digested.js",
  "tools/digested/executable.js",
  "tools/digested/link.js",
  "tools/digested/log.js",
  "tools/digested/markdown.js",
  "tools/digested/summary.js",
  "tools/doctor-general-cli/cli.js",
  "tools/doctor-general-cli/config.js",
  "tools/doctor-general-cli/constants.js",
  "tools/doctor-general-cli/executable.js",
  "tools/doctor-general-cli/log.js",
  "tools/gitparty/dist/gitparty.js",
  "tools/gitparty/src/alias.js",
  "tools/gitparty/src/cli.js",
  "tools/gitparty/src/config.js",
  "tools/gitparty/src/errors.js",
  "tools/gitparty/src/filters.js",
  "tools/gitparty/src/git.js",
  "tools/gitparty/src/legend.js",
  "tools/gitparty/src/log.js",
  "tools/gitparty/src/per-commit.js",
  "tools/gitparty/src/runner.js",
  "tools/superorganism/package-scripts.js",
  "tools/superorganism/src/cli.js",
  "tools/superorganism/src/config.js",
  "tools/superorganism/src/helpers.js",
  "tools/superorganism/src/index.js",
  "tools/superorganism/src/log.js",
  "tools/superorganism/src/recursive.js",
  "tools/superorganism/src/runner.js",
  "tools/treacle/dist/treacle.js",
  "tools/treacle/src/cli.js",
  "tools/treacle/src/index.js",
]
`;

exports[`readPackageJsonWorkspaces 1`] = `
[
  [
    "apps/docs/",
  ],
  [
    "packages/bloodline/",
    "packages/climate-json/",
    "packages/climate-toml/",
    "packages/climate-yaml/",
    "packages/climate/",
    "packages/clox/",
    "packages/doctor-general-jest/",
    "packages/doctor-general-mdx/",
    "packages/doctor-general/",
    "packages/file-system/",
    "packages/inherent/",
    "packages/kiddo/",
    "packages/knot/",
    "packages/manacle/",
    "packages/monocle/",
    "packages/monorail/",
    "packages/robot-tourist/",
    "packages/water-wheel/",
  ],
  [
    "shared/eslint-config-monoculture/",
    "shared/jest-config/",
    "shared/monoculture-tsconfig/",
  ],
  [
    "tools/digested/",
    "tools/doctor-general-cli/",
    "tools/gitparty/",
    "tools/spacework/",
    "tools/superorganism/",
    "tools/treacle/",
  ],
]
`;
